// Jest Snapshot v1, https://goo.gl/fbAQLP

exports[`Navigation.vue matches snapshot 1`] = `
<nav
  id="menu"
  role="navigation"
>
  <div>
    <div
      id="menu-header"
    >
      <div
        id="mobile-only-search-icon"
      >
        
        Search
      
      </div>
       
      <icon-filters-stub />
       
      <span>
        Filter
      </span>
    </div>
  </div>
   
  <span>
    Loading..
  </span>
</nav>
`;
